D:\Visual Studio\MSBuild\Microsoft\VC\v170\Microsoft.CppBuild.targets(514,5): warning MSB8028: The intermediate directory (x64\Debug\) contains files shared from another project (21i_0439_G.vcxproj).  This can lead to incorrect clean and rebuild behavior.
  Appointment.cpp
  Database.cpp
D:\OOP_PROJECT\21i_0439_G\21i_0439_G\Doctor.h(23,31): warning C4227: anachronism used: qualifiers on reference are ignored
D:\OOP_PROJECT\21i_0439_G\21i_0439_G\Patient.h(11,32): warning C4227: anachronism used: qualifiers on reference are ignored
  Doctor.cpp
D:\OOP_PROJECT\21i_0439_G\21i_0439_G\Doctor.h(23,31): warning C4227: anachronism used: qualifiers on reference are ignored
  Global_Functions.cpp
D:\OOP_PROJECT\21i_0439_G\21i_0439_G\Doctor.h(23,31): warning C4227: anachronism used: qualifiers on reference are ignored
D:\OOP_PROJECT\21i_0439_G\21i_0439_G\Patient.h(11,32): warning C4227: anachronism used: qualifiers on reference are ignored
  Main.cpp
D:\OOP_PROJECT\21i_0439_G\21i_0439_G\Main.cpp(3,9): warning C4067: unexpected tokens following preprocessor directive - expected a newline
D:\OOP_PROJECT\21i_0439_G\21i_0439_G\Doctor.h(23,31): warning C4227: anachronism used: qualifiers on reference are ignored
D:\OOP_PROJECT\21i_0439_G\21i_0439_G\Patient.h(11,32): warning C4227: anachronism used: qualifiers on reference are ignored
  Patient.cpp
D:\OOP_PROJECT\21i_0439_G\21i_0439_G\Doctor.h(23,31): warning C4227: anachronism used: qualifiers on reference are ignored
D:\OOP_PROJECT\21i_0439_G\21i_0439_G\Patient.h(11,32): warning C4227: anachronism used: qualifiers on reference are ignored
  Time.cpp
  User.cpp
  Generating Code...
D:\OOP_PROJECT\21i_0439_G\21i_0439_G\Patient.cpp(102): warning C4715: 'Patient::search_doctor': not all control paths return a value
D:\OOP_PROJECT\21i_0439_G\21i_0439_G\Database.cpp(643): warning C4715: 'Database::CNIC_validator': not all control paths return a value
D:\OOP_PROJECT\21i_0439_G\21i_0439_G\Database.cpp(890): warning C4715: 'Database::time_validator': not all control paths return a value
  21i_0439_G.vcxproj -> D:\OOP_PROJECT\21i_0439_G\x64\Debug\i21-0439_G.exe
